// Jest Snapshot v1, https://goo.gl/fbAQLP

exports[`Headline Markup and class changes matches snapshot 1`] = `"<span class=\\"heading__text h2 subheader\\"></span>"`;
